\BOOKMARK [1][-]{section.1}{\376\377\117\134\124\301\151\202\217\360}{}% 1
\BOOKMARK [2][-]{subsection.1.1}{\376\377\122\237\200\375\116\016\162\171\140\047}{section.1}% 2
\BOOKMARK [2][-]{subsection.1.2}{\376\377\136\224\165\050\230\206\127\337}{section.1}% 3
\BOOKMARK [2][-]{subsection.1.3}{\376\377\116\073\211\201\142\200\147\057\162\171\160\271}{section.1}% 4
\BOOKMARK [2][-]{subsection.1.4}{\376\377\116\073\211\201\140\047\200\375\143\007\150\007}{section.1}% 5
\BOOKMARK [2][-]{subsection.1.5}{\376\377\116\073\211\201\122\033\145\260\160\271}{section.1}% 6
\BOOKMARK [2][-]{subsection.1.6}{\376\377\213\276\213\241\155\101\172\013}{section.1}% 7
\BOOKMARK [1][-]{section.2}{\376\377\174\373\176\337\176\304\142\020\123\312\122\237\200\375\213\364\146\016}{}% 8
\BOOKMARK [2][-]{subsection.2.1}{\376\377\145\164\117\123\116\313\176\315}{section.2}% 9
\BOOKMARK [2][-]{subsection.2.2}{\376\377\170\154\116\366\174\373\176\337\116\313\176\315}{section.2}% 10
\BOOKMARK [3][-]{subsubsection.2.2.1}{\376\377\170\154\116\366\145\164\117\123\116\313\176\315}{subsection.2.2}% 11
\BOOKMARK [3][-]{subsubsection.2.2.2}{\376\377\147\072\150\260\213\276\213\241\116\313\176\315}{subsection.2.2}% 12
\BOOKMARK [3][-]{subsubsection.2.2.3}{\376\377\165\065\215\357\124\004\152\041\127\127\116\313\176\315}{subsection.2.2}% 13
\BOOKMARK [2][-]{subsection.2.3}{\376\377\217\157\116\366\174\373\176\337\116\313\176\315}{section.2}% 14
\BOOKMARK [3][-]{subsubsection.2.3.1}{\376\377\217\157\116\366\145\164\117\123\116\313\176\315}{subsection.2.3}% 15
\BOOKMARK [3][-]{subsubsection.2.3.2}{\376\377\217\157\116\366\124\004\152\041\127\127\116\313\176\315}{subsection.2.3}% 16
\BOOKMARK [1][-]{section.3}{\376\377\133\214\142\020\140\305\121\265\123\312\140\047\200\375\123\302\145\160}{}% 17
\BOOKMARK [2][-]{subsection.3.1}{\376\377\145\164\117\123\116\313\176\315}{section.3}% 18
\BOOKMARK [2][-]{subsection.3.2}{\376\377\135\345\172\013\142\020\147\234}{section.3}% 19
\BOOKMARK [3][-]{subsubsection.3.2.1}{\376\377\147\072\150\260\142\020\147\234}{subsection.3.2}% 20
\BOOKMARK [3][-]{subsubsection.3.2.2}{\376\377\165\065\215\357\142\020\147\234}{subsection.3.2}% 21
\BOOKMARK [3][-]{subsubsection.3.2.3}{\376\377\217\157\116\366\142\020\147\234}{subsection.3.2}% 22
\BOOKMARK [2][-]{subsection.3.3}{\376\377\162\171\140\047\142\020\147\234}{section.3}% 23
\BOOKMARK [1][-]{section.4}{\376\377\140\073\176\323}{}% 24
\BOOKMARK [2][-]{subsection.4.1}{\376\377\123\357\142\151\134\125\116\113\131\004}{section.4}% 25
\BOOKMARK [2][-]{subsection.4.2}{\376\377\137\303\137\227\117\123\117\032}{section.4}% 26
\BOOKMARK [1][-]{section.5}{\376\377\123\302\200\003\145\207\163\056}{}% 27
